// Jest Snapshot v1, https://goo.gl/fbAQLP

exports[`Unit tests for RiskProfile Renders in template mode 1`] = `
<div>
  <div
    class="OverlaySpinner--overlaySpinner"
  >
    <form
      action="#"
      class="FormikForm--main"
    >
      <div>
        <div
          class="Layout--vertical Layout--layout-spacing-large StyledProps--main main"
        >
          <div
            class="Layout--vertical StyledProps--main StyledProps--margin-bottom-medium"
          >
            <p
              class="StyledProps--font StyledProps--main StyledProps--font-variation-card-title"
            >
              cv.monitoringSources.riskProfile
            </p>
            <p
              class="StyledProps--font StyledProps--main StyledProps--font-variation-body"
            >
              cv.monitoringSources.commonHealthSource.assign.riskProfileSubHeader
            </p>
          </div>
          <div
            class="StyledProps--font StyledProps--main"
          />
          <div
            class="StyledProps--font StyledProps--main StyledProps--margin-top-small StyledProps--margin-bottom-small"
          >
            <div
              class="FormError--errorDiv"
              data-name="sli"
            >
              <span
                class="bp3-icon StyledProps--main FormError--errorTextIcon StyledProps--intent-danger"
                data-icon="circle-cross"
              >
                <svg
                  height="12"
                  viewBox="0 0 13 13"
                  width="12"
                  xmlns="http://www.w3.org/2000/svg"
                >
                  <path
                    clip-rule="evenodd"
                    d="M.167 6.501a6.333 6.333 0 1012.666 0 6.333 6.333 0 00-12.666 0zm4.071-3.003l2.26 2.263 2.264-2.263c.495-.495 1.236.248.741.743L7.24 6.504l2.254 2.258c.495.495-.247 1.238-.742.743L6.497 7.246 4.238 9.505c-.495.495-1.236-.249-.741-.744l2.258-2.258-2.259-2.262c-.494-.495.248-1.238.742-.743z"
                    fill-rule="evenodd"
                  />
                </svg>
              </span>
              <span
                class="FormError--error"
              >
                Risk category Error
              </span>
            </div>
          </div>
          <div
            class="StyledProps--font StyledProps--main"
          >
            <div
              class="Layout--vertical StyledProps--main StyledProps--margin-bottom-medium"
            >
              <p
                class="StyledProps--font StyledProps--main StyledProps--font-variation-card-title"
              >
                cv.monitoringSources.commonHealthSource.assign.deviation.title
              </p>
              <p
                class="StyledProps--font StyledProps--main StyledProps--font-variation-body"
              >
                cv.monitoringSources.commonHealthSource.assign.deviation.helptext
              </p>
            </div>
            <div
              class="Layout--horizontal Layout--layout-spacing-medium StyledProps--main"
            >
              <div
                class="bp3-form-group"
                data-id="higherBaselineDeviation-0"
              >
                <div
                  class="bp3-form-content"
                >
                  <label
                    class="bp3-control bp3-checkbox StyledProps--font Checkbox--checkbox StyledProps--main StyledProps--inline"
                  >
                    <input
                      name="higherBaselineDeviation"
                      type="checkbox"
                    />
                    <span
                      class="bp3-control-indicator"
                    />
                    cv.monitoringSources.commonHealthSource.assign.serviceInstance.higherLabel
                  </label>
                </div>
              </div>
              <div
                class="bp3-form-group"
                data-id="lowerBaselineDeviation-1"
              >
                <div
                  class="bp3-form-content"
                >
                  <label
                    class="bp3-control bp3-checkbox StyledProps--font Checkbox--checkbox StyledProps--main StyledProps--inline"
                  >
                    <input
                      name="lowerBaselineDeviation"
                      type="checkbox"
                    />
                    <span
                      class="bp3-control-indicator"
                    />
                    cv.monitoringSources.commonHealthSource.assign.serviceInstance.lowerLabel
                  </label>
                </div>
              </div>
            </div>
            <div
              class="StyledProps--font StyledProps--main StyledProps--margin-top-small StyledProps--margin-bottom-small"
            >
              <div
                class="FormError--errorDiv"
                data-name="sli"
              >
                <span
                  class="bp3-icon StyledProps--main FormError--errorTextIcon StyledProps--intent-danger"
                  data-icon="circle-cross"
                >
                  <svg
                    height="12"
                    viewBox="0 0 13 13"
                    width="12"
                    xmlns="http://www.w3.org/2000/svg"
                  >
                    <path
                      clip-rule="evenodd"
                      d="M.167 6.501a6.333 6.333 0 1012.666 0 6.333 6.333 0 00-12.666 0zm4.071-3.003l2.26 2.263 2.264-2.263c.495-.495 1.236.248.741.743L7.24 6.504l2.254 2.258c.495.495-.247 1.238-.742.743L6.497 7.246 4.238 9.505c-.495.495-1.236-.249-.741-.744l2.258-2.258-2.259-2.262c-.494-.495.248-1.238.742-.743z"
                      fill-rule="evenodd"
                    />
                  </svg>
                </span>
                <span
                  class="FormError--error"
                >
                  Deviation Error
                </span>
              </div>
            </div>
          </div>
          <div
            class="StyledProps--font StyledProps--main"
          >
            <div
              class="Layout--vertical StyledProps--main StyledProps--margin-bottom-medium"
            >
              <p
                class="StyledProps--font StyledProps--main StyledProps--font-variation-card-title"
              >
                cv.monitoringSources.commonHealthSource.assign.serviceInstance.title
              </p>
              <p
                class="StyledProps--font StyledProps--main StyledProps--font-variation-body"
              >
                cv.monitoringSources.commonHealthSource.assign.serviceInstance.helptext
              </p>
            </div>
            <div
              class="StyledProps--font StyledProps--main"
              style="width: 350px;"
            >
              <div
                class="bp3-form-group"
              >
                <label
                  class="bp3-label"
                  for="serviceInstance"
                >
                  <div
                    class="StyledProps--font StyledProps--main main"
                  >
                    <p
                      class="StyledProps--font StyledProps--main primaryLabel"
                    >
                      cv.monitoringSources.serviceInstanceIdentifier
                    </p>
                    <div
                      class="Text--withDocsTooltip"
                      data-tooltip-id="healthSourceMetricsServiceInstanceId"
                    >
                      <p
                        class="StyledProps--font StyledProps--main secondaryLabel"
                      >
                        cv.monitoringSources.optionalServiceInstanceLabel
                      </p>
                    </div>
                  </div>
                   
                  <span
                    class="bp3-text-muted"
                  />
                </label>
                <div
                  class="bp3-form-content"
                >
                  <div
                    class="Layout--horizontal StyledProps--main MultiTypeInput--main"
                  >
                    <div
                      class="bp3-input-group MultiTypeInput--input"
                    >
                      <input
                        autocomplete="off"
                        class="bp3-input"
                        name="serviceInstance"
                        type="text"
                        value=""
                      />
                    </div>
                    <span
                      class="bp3-popover-wrapper MultiTypeInput--wrapper"
                    >
                      <span
                        class="bp3-popover-target"
                      >
                        <button
                          class="MultiTypeInput--btn MultiTypeInput--FIXED"
                          data-testid="multi-type-button"
                        >
                          <span
                            class="bp3-icon StyledProps--main"
                            data-icon="fixed-input"
                          >
                            <svg
                              height="12"
                              viewBox="0 0 9 9"
                              width="12"
                              xmlns="http://www.w3.org/2000/svg"
                            >
                              <path
                                d="M5.61 7.55c.62-.7.3-1.42.18-2.35a.32.32 0 01.1-.29l1.43-1.42a.76.76 0 01.28-.15c.39-.1 1 0 1.28-.29a.34.34 0 000-.51L6.46.12a.33.33 0 00-.52 0c-.28.29-.2.9-.28 1.3a.53.53 0 01-.13.23L4.09 3.12a.29.29 0 01-.28.09c-.89-.11-1.6-.49-2.27.11-.29.26-.29.43 0 .7l1.31 1.34.15.16-.15.15-2.7 2.69a.36.36 0 000 .54.36.36 0 00.54-.05l2.63-2.68.17-.17.17.16c.45.46.9.91 1.36 1.36.21.21.42.22.59.03z"
                                fill="currentColor"
                              />
                            </svg>
                          </span>
                        </button>
                      </span>
                    </span>
                  </div>
                </div>
              </div>
            </div>
            <div
              class="StyledProps--font StyledProps--main StyledProps--margin-top-small StyledProps--margin-bottom-small"
            >
              <div
                class="FormError--errorDiv"
                data-name="sli"
              >
                <span
                  class="bp3-icon StyledProps--main FormError--errorTextIcon StyledProps--intent-danger"
                  data-icon="circle-cross"
                >
                  <svg
                    height="12"
                    viewBox="0 0 13 13"
                    width="12"
                    xmlns="http://www.w3.org/2000/svg"
                  >
                    <path
                      clip-rule="evenodd"
                      d="M.167 6.501a6.333 6.333 0 1012.666 0 6.333 6.333 0 00-12.666 0zm4.071-3.003l2.26 2.263 2.264-2.263c.495-.495 1.236.248.741.743L7.24 6.504l2.254 2.258c.495.495-.247 1.238-.742.743L6.497 7.246 4.238 9.505c-.495.495-1.236-.249-.741-.744l2.258-2.258-2.259-2.262c-.494-.495.248-1.238.742-.743z"
                      fill-rule="evenodd"
                    />
                  </svg>
                </span>
                <span
                  class="FormError--error"
                >
                  Service instance Error
                </span>
              </div>
            </div>
          </div>
        </div>
      </div>
    </form>
  </div>
</div>
`;
