// Jest Snapshot v1, https://goo.gl/fbAQLP

exports[`EmptyStateDiscoveryAgent render component to match snapshot 1`] = `
<div>
  <div>
    <div
      class="Layout--vertical Layout--layout-spacing-large StyledProps--main StyledProps--flex StyledProps--flex-alignItems-center"
      style="margin: auto;"
    >
      <img
        height="140px"
        src="test-file-stub"
        width="210px"
      />
      <p
        class="StyledProps--font StyledProps--main StyledProps--color StyledProps--color-black StyledProps--font-size-medium StyledProps--font-weight-semi-bold"
      >
        discovery.homepage.noDiscoveryAgent
      </p>
      <p
        class="StyledProps--font StyledProps--main"
        style="text-align: center; width: 600px;"
      >
        discovery.homepage.discoveryAgentDesc
      </p>
      <button
        aria-label="discovery.homepage.newDiscoveryAgentBtn"
        class="bp3-button Button--button StyledProps--font StyledProps--main Button--with-current-color Button--withLeftIcon Button--variation Button--variation-primary"
        type="button"
      >
        <span
          class="bp3-icon bp3-icon-plus StyledProps--main StyledProps--padding-right-xsmall"
          icon="plus"
        >
          <svg
            data-icon="plus"
            height="16"
            viewBox="0 0 16 16"
            width="16"
          >
            <desc>
              plus
            </desc>
            <path
              d="M13 7H9V3c0-.55-.45-1-1-1s-1 .45-1 1v4H3c-.55 0-1 .45-1 1s.45 1 1 1h4v4c0 .55.45 1 1 1s1-.45 1-1V9h4c.55 0 1-.45 1-1s-.45-1-1-1z"
              fill-rule="evenodd"
            />
          </svg>
        </span>
        <span
          class="bp3-button-text"
        >
          discovery.homepage.newDiscoveryAgentBtn
        </span>
      </button>
      <a
        href="/"
        target="_blank"
      >
        <span
          class="StyledProps--font StyledProps--main StyledProps--inline StyledProps--color StyledProps--color-primary7 StyledProps--margin-right-xsmall"
        >
          common.learnMore
        </span>
        <span
          class="bp3-icon StyledProps--main StyledProps--color StyledProps--color-primary7"
          data-icon="launch"
        >
          <svg
            height="12"
            viewBox="0 0 12 12"
            width="12"
            xmlns="http://www.w3.org/2000/svg"
          >
            <path
              clip-rule="evenodd"
              d="M9.692 11.333H1.487a.82.82 0 01-.82-.82V2.306a.82.82 0 01.82-.82H5.18v.82H1.487v8.205h8.205V6.82h.82v3.692a.82.82 0 01-.82.82zM7.641.666v.82h2.293L6.41 5.012l.579.578 3.524-3.524v2.293h.82V.666H7.641z"
              fill="currentColor"
              fill-rule="evenodd"
            />
          </svg>
        </span>
      </a>
    </div>
  </div>
</div>
`;
