// Jest Snapshot v1, https://goo.gl/fbAQLP

exports[`Test K8sAwsInfrastructureSpec initialValues should render variable view 1`] = `<div />`;
