// Jest Snapshot v1, https://goo.gl/fbAQLP

exports[`PipelineStageOutputSection Test Empty Output view: PipelineStageOutputSection - No Output 1`] = `
<div>
  <div
    class="pipelineStageOverviewWrapper"
  >
    <div
      class="StyledProps--font StyledProps--main content"
    >
      <p
        class="StyledProps--font StyledProps--main StyledProps--font-variation-h5 StyledProps--margin-bottom-medium"
      >
        pipeline.pipelineChaining.pipelineOutputs
      </p>
      <p
        class="StyledProps--font StyledProps--main StyledProps--font-variation-h6 StyledProps--font-weight-light StyledProps--margin-bottom-small"
      >
        pipeline.pipelineChaining.outputTabSummaryDetail
      </p>
      <div
        class="bp3-card bp3-elevation-0 Card--card outputPanel"
        id="outputs"
      >
        <div
          class="outputVariablesContainer"
        >
          <button
            aria-label="pipeline.pipelineChaining.newOutput"
            class="bp3-button Button--button StyledProps--font StyledProps--main addOutput Button--with-current-color Button--withLeftIcon Button--variation Button--variation-link Button--size Button--small"
            type="button"
          >
            <span
              class="bp3-icon bp3-icon-plus StyledProps--main StyledProps--padding-right-xsmall"
              icon="plus"
            >
              <svg
                data-icon="plus"
                height="16"
                viewBox="0 0 16 16"
                width="16"
              >
                <desc>
                  plus
                </desc>
                <path
                  d="M13 7H9V3c0-.55-.45-1-1-1s-1 .45-1 1v4H3c-.55 0-1 .45-1 1s.45 1 1 1h4v4c0 .55.45 1 1 1s1-.45 1-1V9h4c.55 0 1-.45 1-1s-.45-1-1-1z"
                  fill-rule="evenodd"
                />
              </svg>
            </span>
            <span
              class="bp3-button-text"
            >
              pipeline.pipelineChaining.newOutput
            </span>
          </button>
        </div>
      </div>
      <div
        class="StyledProps--font StyledProps--main actionButtons StyledProps--margin-top-xxlarge"
      />
    </div>
  </div>
</div>
`;
