// Jest Snapshot v1, https://goo.gl/fbAQLP

exports[`Discovery Agent Status  render 1`] = `
<div>
  <div
    class="TableV2--table"
  >
    <div
      class="TableV2--header"
      role="row"
    >
      <div
        class="TableV2--cell TableV2--sortable"
        colspan="1"
        role="columnheader"
        style="width: 25%;"
      >
        <p
          class="StyledProps--font StyledProps--main StyledProps--font-variation-table-headers"
        >
          Discovery Agent
        </p>
      </div>
      <div
        class="TableV2--cell TableV2--sortable"
        colspan="1"
        role="columnheader"
        style="width: 20%;"
      >
        <p
          class="StyledProps--font StyledProps--main StyledProps--font-variation-table-headers"
        >
          Network Maps
        </p>
      </div>
      <div
        class="TableV2--cell TableV2--sortable"
        colspan="1"
        role="columnheader"
        style="width: 20%;"
      >
        <p
          class="StyledProps--font StyledProps--main StyledProps--font-variation-table-headers"
        >
          Services Discovered
        </p>
      </div>
      <div
        class="TableV2--cell TableV2--sortable"
        colspan="1"
        role="columnheader"
        style="width: 30%;"
      >
        <p
          class="StyledProps--font StyledProps--main StyledProps--font-variation-table-headers"
        >
          Last Service Discovery
        </p>
      </div>
      <div
        class="TableV2--cell TableV2--sortable"
        colspan="1"
        role="columnheader"
        style="width: 20%;"
      >
        <p
          class="StyledProps--font StyledProps--main StyledProps--font-variation-table-headers"
        >
          Last Updated
        </p>
      </div>
      <div
        class="TableV2--cell TableV2--sortable"
        colspan="1"
        role="columnheader"
        style="width: 150px;"
      >
        <p
          class="StyledProps--font StyledProps--main StyledProps--font-variation-table-headers"
        >
          Â 
        </p>
      </div>
    </div>
    <div
      class="TableV2--body"
    >
      <div
        class="TableV2--row TableV2--card"
        role="row"
      >
        <div
          class="TableV2--cells"
        >
          <div
            class="TableV2--cell"
            role="cell"
            style="width: 25%;"
          >
            <a
              href="/account/accountId/chaos/orgs/default/projects/Discovery_Test/setup/resources/discovery/local-1"
            >
              <p
                class="StyledProps--font StyledProps--main StyledProps--font-size-normal StyledProps--font-weight-bold StyledProps--color StyledProps--color-primary7"
                style="cursor: pointer;"
              >
                local-1
              </p>
            </a>
            <div
              class="Layout--horizontal StyledProps--main StyledProps--flex StyledProps--flex-alignItems-center StyledProps--flex-justifyContent-start StyledProps--margin-top-xsmall"
            >
              <p
                class="StyledProps--font StyledProps--main StyledProps--font-size-small StyledProps--font-weight-light StyledProps--color StyledProps--color-grey500"
              >
                ID:
              </p>
              <p
                class="StyledProps--font Text--lineclamp StyledProps--main idPill StyledProps--font-size-small StyledProps--font-weight-light"
                style="background: rgb(243, 243, 250); border-radius: 5px; --text-line-clamp: 1;"
              >
                648ffda242d20c0d04713e05
              </p>
            </div>
          </div>
          <div
            class="TableV2--cell"
            role="cell"
            style="width: 20%;"
          >
            <div
              class="Layout--vertical StyledProps--main totalServiceContainer"
              style="width: 50px; height: 40px;"
            >
              <p
                class="StyledProps--font StyledProps--main StyledProps--font-size-medium StyledProps--font-weight-semi-bold StyledProps--color StyledProps--color-grey500"
              />
            </div>
          </div>
          <div
            class="TableV2--cell"
            role="cell"
            style="width: 20%;"
          >
            <div
              class="Layout--vertical StyledProps--main totalServiceContainer"
              style="width: 60px; height: 50px;"
            >
              <p
                class="StyledProps--font StyledProps--main StyledProps--font-size-medium StyledProps--font-weight-semi-bold StyledProps--color StyledProps--color-grey500"
              />
            </div>
          </div>
          <div
            class="TableV2--cell"
            role="cell"
            style="width: 30%;"
          >
            <div
              class="Layout--horizontal StyledProps--main StyledProps--flex StyledProps--flex-align-center-center StyledProps--flex-justifyContent-flex-start"
            >
              <div
                class="Layout--vertical Layout--layout-spacing-xsmall StyledProps--main"
              >
                <p
                  class="StyledProps--font Text--lineclamp StyledProps--main StyledProps--font-size-small"
                  style="--text-line-clamp: 1;"
                >
                  Jun 21, 2023 01:17 PM
                </p>
              </div>
            </div>
          </div>
          <div
            class="TableV2--cell"
            role="cell"
            style="width: 20%;"
          >
            <div
              class="Layout--horizontal StyledProps--main StyledProps--flex StyledProps--flex-align-center-center StyledProps--flex-justifyContent-flex-start"
            >
              <div
                class="Avatar--Avatar Avatar--contentStyle"
              >
                <span
                  class="bp3-popover-wrapper Avatar--avatarPopOver"
                >
                  <span
                    class="bp3-popover-target"
                  >
                    <div
                      class="Avatar--AvatarInner"
                      style="border-radius: 100%; line-height: 26px; width: 32px; height: 32px; font-size: 10px;"
                      tabindex="0"
                    >
                      <span
                        class="bp3-icon StyledProps--main StyledProps--color StyledProps--color-white"
                        data-icon="user"
                      >
                        <svg
                          fill="currentColor"
                          height="10"
                          viewBox="0 0 61 73"
                          width="10"
                          xmlns="http://www.w3.org/2000/svg"
                        >
                          <path
                            clip-rule="evenodd"
                            d="M18.001 17.512c0-6.732 5.458-12.19 12.19-12.19 6.732 0 12.19 5.458 12.19 12.19 0 6.732-5.458 12.19-12.19 12.19-6.732 0-12.19-5.458-12.19-12.19zM30.191.522c-9.383 0-16.99 7.607-16.99 16.99 0 5.651 2.76 10.659 7.005 13.747L.466 68.8a2.4 2.4 0 002.123 3.517h55.206a2.4 2.4 0 002.105-3.552L39.608 31.656c4.565-3.046 7.573-8.244 7.573-14.144 0-9.383-7.607-16.99-16.99-16.99zm-5.744 32.984a16.96 16.96 0 005.744.996c1.77 0 3.476-.27 5.08-.773l18.476 33.787H6.563l17.884-34.01z"
                            fill-rule="evenodd"
                          />
                        </svg>
                      </span>
                    </div>
                  </span>
                </span>
              </div>
              <div
                class="Layout--vertical Layout--layout-spacing-xsmall StyledProps--main"
              >
                <p
                  class="StyledProps--font Text--lineclamp StyledProps--main StyledProps--font-size-small StyledProps--font-weight-semi-bold StyledProps--color StyledProps--color-grey900"
                  style="--text-line-clamp: 1;"
                />
                <p
                  class="StyledProps--font Text--lineclamp StyledProps--main StyledProps--font-size-xsmall StyledProps--color StyledProps--color-grey500"
                  style="--text-line-clamp: 1;"
                >
                  6 days ago
                </p>
              </div>
            </div>
          </div>
          <div
            class="TableV2--cell"
            role="cell"
            style="width: 150px;"
          >
            <div
              class="Layout--horizontal StyledProps--main"
              style="justify-content: flex-end; margin-right: 10px;"
            >
              <span
                class="bp3-popover-wrapper bp3-dark"
              >
                <span
                  class="bp3-popover-target"
                >
                  <button
                    class="bp3-button Button--button StyledProps--font StyledProps--main Button--with-current-color Button--iconOnly Button--withLeftIcon Button--variation Button--variation-icon"
                    type="button"
                  >
                    <span
                      class="bp3-icon StyledProps--main"
                      data-icon="Options"
                    >
                      <svg
                        fill="currentColor"
                        height="16"
                        viewBox="0 0 4 16"
                        width="16"
                        xmlns="http://www.w3.org/2000/svg"
                      >
                        <circle
                          cx="2"
                          cy="2"
                          r="1.5"
                        />
                        <circle
                          cx="2"
                          cy="8"
                          r="1.5"
                        />
                        <circle
                          cx="2"
                          cy="14"
                          r="1.5"
                        />
                      </svg>
                    </span>
                  </button>
                </span>
              </span>
            </div>
          </div>
        </div>
      </div>
    </div>
    <div
      class="Layout--horizontal StyledProps--main TableV2--pagination Pagination--container StyledProps--padding-top-medium StyledProps--padding-bottom-medium StyledProps--flex StyledProps--flex-align-center-center StyledProps--flex-distribution-space-between"
    >
      <span
        class="StyledProps--font StyledProps--main StyledProps--inline StyledProps--font-variation-small-semi"
      >
        1
         of 
        1
      </span>
      <div
        class="Layout--horizontal StyledProps--main"
      >
        <button
          aria-label="Prev"
          class="bp3-button bp3-disabled Button--button StyledProps--font StyledProps--main Pagination--roundedButton Pagination--buttonLeft Button--with-current-color Button--withLeftIcon Button--size Button--small"
          disabled=""
          tabindex="-1"
          type="button"
        >
          <span
            class="bp3-icon bp3-icon-arrow-left StyledProps--main StyledProps--padding-right-xsmall"
            icon="arrow-left"
          >
            <svg
              data-icon="arrow-left"
              height="12"
              viewBox="0 0 16 16"
              width="12"
            >
              <desc>
                arrow-left
              </desc>
              <path
                d="M13.99 6.99H4.41L7.7 3.7a1.003 1.003 0 00-1.42-1.42l-5 5a1.014 1.014 0 000 1.42l5 5a1.003 1.003 0 001.42-1.42L4.41 8.99H14c.55 0 1-.45 1-1s-.46-1-1.01-1z"
                fill-rule="evenodd"
              />
            </svg>
          </span>
          <span
            class="bp3-button-text"
          >
            Prev
          </span>
        </button>
        <button
          class="bp3-button bp3-disabled Button--button StyledProps--font StyledProps--main Pagination--roundedButton Pagination--selected Button--with-current-color"
          disabled=""
          tabindex="-1"
          type="button"
        >
          <span
            class="bp3-button-text"
          >
            1
          </span>
        </button>
        <button
          aria-label="Next"
          class="bp3-button bp3-disabled Button--button StyledProps--font StyledProps--main Pagination--roundedButton Pagination--buttonRight Button--with-current-color Button--withRightIcon Button--size Button--small"
          disabled=""
          tabindex="-1"
          type="button"
        >
          <span
            class="bp3-button-text"
          >
            Next
          </span>
          <span
            class="bp3-icon bp3-icon-arrow-right StyledProps--main"
            icon="arrow-right"
          >
            <svg
              data-icon="arrow-right"
              height="12"
              viewBox="0 0 16 16"
              width="12"
            >
              <desc>
                arrow-right
              </desc>
              <path
                d="M14.7 7.29l-5-5a.965.965 0 00-.71-.3 1.003 1.003 0 00-.71 1.71l3.29 3.29H1.99c-.55 0-1 .45-1 1s.45 1 1 1h9.59l-3.29 3.29a1.003 1.003 0 001.42 1.42l5-5c.18-.18.29-.43.29-.71s-.12-.52-.3-.7z"
                fill-rule="evenodd"
              />
            </svg>
          </span>
        </button>
      </div>
      <div
        class="Layout--horizontal Layout--layout-spacing-small StyledProps--main StyledProps--flex StyledProps--flex-alignItems-baseline"
      >
        <p
          class="StyledProps--font StyledProps--main"
        >
          Show
        </p>
        <div
          class="bp3-popover-wrapper DropDown--main Pagination--pageSizeDropdown"
        >
          <div
            class="bp3-popover-target"
          >
            <div
              class=""
            >
              <div
                class="Layout--horizontal StyledProps--main DropDown--dropdownButton DropDown--withBorder StyledProps--flex"
                data-testid="dropdown-button"
                style="width: 60px;"
              >
                <div
                  class="Layout--horizontal StyledProps--main DropDown--labelWrapper StyledProps--flex"
                >
                  <p
                    class="StyledProps--font Text--lineclamp StyledProps--main DropDown--label"
                    data-testid="dropdown-value"
                    style="--text-line-clamp: 1;"
                  >
                    Select
                  </p>
                </div>
                <div
                  class="Layout--horizontal StyledProps--main DropDown--btnWrapper StyledProps--flex"
                >
                  <span
                    class="bp3-icon StyledProps--main StyledProps--color StyledProps--color-grey400"
                    data-icon="main-chevron-down"
                  >
                    <svg
                      height="8"
                      viewBox="0 0 14 8"
                      width="8"
                      xmlns="http://www.w3.org/2000/svg"
                    >
                      <path
                        d="M13 0c-.3 0-.5.1-.7.3L7 5.6 1.7.3C1.5.1 1.3 0 1 0 .4 0 0 .4 0 1c0 .3.1.5.3.7l6 6c.2.2.4.3.7.3s.5-.1.7-.3l6-6c.2-.2.3-.4.3-.7 0-.6-.4-1-1-1z"
                        fill="#4d5969"
                      />
                    </svg>
                  </span>
                </div>
              </div>
            </div>
          </div>
        </div>
        <p
          class="StyledProps--font StyledProps--main"
        >
          per page
        </p>
      </div>
    </div>
  </div>
</div>
`;
