// Jest Snapshot v1, https://goo.gl/fbAQLP

exports[`Project Setup Menu should render correctly condensed 1`] = `
<div>
  <div>
    <div
      class="border"
    />
    <div
      class="Layout--vertical StyledProps--main main"
    >
      <p
        class="StyledProps--font StyledProps--main text StyledProps--font-xsmall StyledProps--flex StyledProps--flex-alignItems-flex-start StyledProps--flex-justifyContent-space-between"
        style="display: flex; align-items: center;"
      >
        common.projectSetup
        <span
          class="bp3-icon bp3-icon-chevron-down StyledProps--main Text--icon StyledProps--padding-left-xsmall"
          icon="chevron-down"
        >
          <svg
            data-icon="chevron-down"
            height="16"
            viewBox="0 0 16 16"
            width="16"
          >
            <desc>
              chevron-down
            </desc>
            <path
              d="M12 5c-.28 0-.53.11-.71.29L8 8.59l-3.29-3.3a1.003 1.003 0 00-1.42 1.42l4 4c.18.18.43.29.71.29s.53-.11.71-.29l4-4A1.003 1.003 0 0012 5z"
              fill-rule="evenodd"
            />
          </svg>
        </span>
      </p>
    </div>
  </div>
</div>
`;

exports[`Project Setup Menu should render correctly expanded 1`] = `
<div>
  <div>
    <div
      class="border"
    />
    <div
      class="Layout--vertical StyledProps--main main"
    >
      <p
        class="StyledProps--font StyledProps--main text StyledProps--font-xsmall StyledProps--flex StyledProps--flex-alignItems-flex-start StyledProps--flex-justifyContent-space-between"
      >
        common.projectSetup
      </p>
      <div
        class="Layout--vertical Layout--layout-spacing-small StyledProps--main"
      >
        <a
          class="link"
          href="/account/dummy/settings/resources/connectors"
        >
          <p
            class="StyledProps--font StyledProps--main text"
          >
            connectorsLabel
          </p>
        </a>
        <a
          class="link"
          href="/account/dummy/settings/resources/secrets"
        >
          <p
            class="StyledProps--font StyledProps--main text"
          >
            common.secrets
          </p>
        </a>
        <a
          class="link"
          href="/account/dummy/settings/resources/variables"
        >
          <p
            class="StyledProps--font StyledProps--main text"
          >
            common.variables
          </p>
        </a>
        <a
          class="link"
          href="/account/dummy/settings/access-control"
        >
          <p
            class="StyledProps--font StyledProps--main text"
          >
            accessControl
          </p>
        </a>
        <a
          class="link"
          href="/account/dummy/settings/resources/delegates"
        >
          <p
            class="StyledProps--font StyledProps--main text"
          >
            delegate.delegates
          </p>
        </a>
        <a
          class="link"
          href="/account/dummy/settings/resources/default-settings"
        >
          <p
            class="StyledProps--font StyledProps--main text"
          >
            common.defaultSettings
          </p>
        </a>
        <a
          class="link"
          href="/account/dummy/settings/resources/templates"
        >
          <p
            class="StyledProps--font StyledProps--main text"
          >
            common.templates
          </p>
        </a>
        <a
          class="link"
          href="/account/dummy/settings/resources/file-store"
        >
          <p
            class="StyledProps--font StyledProps--main text"
          >
            resourcePage.fileStore
          </p>
        </a>
      </div>
    </div>
  </div>
</div>
`;
