// Jest Snapshot v1, https://goo.gl/fbAQLP

exports[`<ExecutionMetadata.test /> tests Branch type 1`] = `
<div>
  <div
    class="main"
  >
    <div
      class="metaContainer"
    />
    <div
      class="trigger"
    >
      <span
        class="bp3-icon StyledProps--main StyledProps--margin-right-small"
        data-icon="trigger-execution"
      >
        <svg
          fill="none"
          height="14"
          viewBox="0 0 16 14"
          width="14"
          xmlns="http://www.w3.org/2000/svg"
        >
          <path
            d="M7.536 0a3.777 3.777 0 00-3.77 3.77c0 1.127.558 2.084 1.347 2.776L3.985 8.632a1.508 1.508 0 00-.218-.017c-.886 0-1.616.73-1.616 1.616 0 .886.73 1.615 1.616 1.615.886 0 1.615-.73 1.615-1.615 0-.43-.176-.82-.454-1.111l1.531-2.843-.404-.27a2.684 2.684 0 011.48-4.93c1.494 0 2.693 1.2 2.693 2.692 0 .316-.052.612-.15.892l1.009.37c.144-.405.218-.832.218-1.262A3.777 3.777 0 007.536 0zm0 2.154c-.886 0-1.615.73-1.615 1.615 0 .886.73 1.616 1.615 1.616.075 0 .145-.007.219-.017l1.48 2.356.27.437.454-.27c.41-.234.874-.356 1.346-.353 1.494 0 2.693 1.2 2.693 2.693s-1.2 2.692-2.693 2.692a2.664 2.664 0 01-2.002-.892l-.808.707A3.776 3.776 0 0011.305 14a3.777 3.777 0 003.77-3.77 3.777 3.777 0 00-3.77-3.768c-.496 0-.927.195-1.363.37l-1.228-1.97c.269-.287.437-.672.437-1.093 0-.886-.73-1.615-1.615-1.615zm0 1.077c.303 0 .539.236.539.538a.532.532 0 01-.539.539.532.532 0 01-.538-.539c0-.303.235-.538.538-.538zM3.144 6.512a3.785 3.785 0 00-1.262.455 3.78 3.78 0 00-1.38 5.148 3.78 3.78 0 005.15 1.38c1.028-.595 1.583-1.632 1.75-2.726h2.39a1.62 1.62 0 001.513 1.077c.886 0 1.616-.73 1.616-1.615 0-.886-.73-1.616-1.616-1.616-.696 0-1.29.455-1.514 1.077H6.459v.539a2.695 2.695 0 01-5.031 1.346 2.694 2.694 0 011.884-4.005l-.168-1.06zm.623 3.18c.303 0 .538.236.538.539a.532.532 0 01-.538.538.532.532 0 01-.539-.538c0-.303.236-.539.539-.539zm7.538 0c.303 0 .539.236.539.539a.532.532 0 01-.539.538.532.532 0 01-.538-.538c0-.303.236-.539.538-.539z"
            fill="currentColor"
          />
        </svg>
      </span>
      <p
        class="StyledProps--font StyledProps--main StyledProps--font-size-small StyledProps--color StyledProps--color-primary6 StyledProps--margin-right-xsmall"
      >
        trigger
      </p>
      <p
        class="StyledProps--font StyledProps--main StyledProps--font-size-small StyledProps--color StyledProps--color-grey500"
      >
        (
        execution.triggerType.WEBHOOK
        )
      </p>
    </div>
  </div>
</div>
`;

exports[`<ExecutionMetadata.test /> tests Pull Request type 1`] = `
<div>
  <div
    class="main"
  >
    <div
      class="metaContainer"
    />
    <div
      class="trigger"
    >
      <span
        class="bp3-icon StyledProps--main StyledProps--margin-right-small"
        data-icon="trigger-execution"
      >
        <svg
          fill="none"
          height="14"
          viewBox="0 0 16 14"
          width="14"
          xmlns="http://www.w3.org/2000/svg"
        >
          <path
            d="M7.536 0a3.777 3.777 0 00-3.77 3.77c0 1.127.558 2.084 1.347 2.776L3.985 8.632a1.508 1.508 0 00-.218-.017c-.886 0-1.616.73-1.616 1.616 0 .886.73 1.615 1.616 1.615.886 0 1.615-.73 1.615-1.615 0-.43-.176-.82-.454-1.111l1.531-2.843-.404-.27a2.684 2.684 0 011.48-4.93c1.494 0 2.693 1.2 2.693 2.692 0 .316-.052.612-.15.892l1.009.37c.144-.405.218-.832.218-1.262A3.777 3.777 0 007.536 0zm0 2.154c-.886 0-1.615.73-1.615 1.615 0 .886.73 1.616 1.615 1.616.075 0 .145-.007.219-.017l1.48 2.356.27.437.454-.27c.41-.234.874-.356 1.346-.353 1.494 0 2.693 1.2 2.693 2.693s-1.2 2.692-2.693 2.692a2.664 2.664 0 01-2.002-.892l-.808.707A3.776 3.776 0 0011.305 14a3.777 3.777 0 003.77-3.77 3.777 3.777 0 00-3.77-3.768c-.496 0-.927.195-1.363.37l-1.228-1.97c.269-.287.437-.672.437-1.093 0-.886-.73-1.615-1.615-1.615zm0 1.077c.303 0 .539.236.539.538a.532.532 0 01-.539.539.532.532 0 01-.538-.539c0-.303.235-.538.538-.538zM3.144 6.512a3.785 3.785 0 00-1.262.455 3.78 3.78 0 00-1.38 5.148 3.78 3.78 0 005.15 1.38c1.028-.595 1.583-1.632 1.75-2.726h2.39a1.62 1.62 0 001.513 1.077c.886 0 1.616-.73 1.616-1.615 0-.886-.73-1.616-1.616-1.616-.696 0-1.29.455-1.514 1.077H6.459v.539a2.695 2.695 0 01-5.031 1.346 2.694 2.694 0 011.884-4.005l-.168-1.06zm.623 3.18c.303 0 .538.236.538.539a.532.532 0 01-.538.538.532.532 0 01-.539-.538c0-.303.236-.539.539-.539zm7.538 0c.303 0 .539.236.539.539a.532.532 0 01-.539.538.532.532 0 01-.538-.538c0-.303.236-.539.538-.539z"
            fill="currentColor"
          />
        </svg>
      </span>
      <p
        class="StyledProps--font StyledProps--main StyledProps--font-size-small StyledProps--color StyledProps--color-primary6 StyledProps--margin-right-xsmall"
      >
        trigger
      </p>
      <p
        class="StyledProps--font StyledProps--main StyledProps--font-size-small StyledProps--color StyledProps--color-grey500"
      >
        (
        execution.triggerType.WEBHOOK
        )
      </p>
    </div>
  </div>
</div>
`;

exports[`<ExecutionMetadata.test /> tests Tag type 1`] = `
<div>
  <div
    class="main"
  >
    <div
      class="metaContainer"
    />
    <div
      class="userLabelContainer"
    >
      <div
        class="wrapper"
      >
        <span
          class="bp3-popover-wrapper"
        >
          <span
            class="bp3-popover-target"
          >
            <div
              class="userLabel"
              tabindex="0"
            >
              <span
                class="bp3-icon StyledProps--main"
                data-icon="user"
              >
                <svg
                  fill="currentColor"
                  height="16"
                  viewBox="0 0 61 73"
                  width="16"
                  xmlns="http://www.w3.org/2000/svg"
                >
                  <path
                    clip-rule="evenodd"
                    d="M18.001 17.512c0-6.732 5.458-12.19 12.19-12.19 6.732 0 12.19 5.458 12.19 12.19 0 6.732-5.458 12.19-12.19 12.19-6.732 0-12.19-5.458-12.19-12.19zM30.191.522c-9.383 0-16.99 7.607-16.99 16.99 0 5.651 2.76 10.659 7.005 13.747L.466 68.8a2.4 2.4 0 002.123 3.517h55.206a2.4 2.4 0 002.105-3.552L39.608 31.656c4.565-3.046 7.573-8.244 7.573-14.144 0-9.383-7.607-16.99-16.99-16.99zm-5.744 32.984a16.96 16.96 0 005.744.996c1.77 0 3.476-.27 5.08-.773l18.476 33.787H6.563l17.884-34.01z"
                    fill-rule="evenodd"
                  />
                </svg>
              </span>
              <p
                class="StyledProps--font StyledProps--main"
              >
                Admin
              </p>
            </div>
          </span>
        </span>
      </div>
    </div>
  </div>
</div>
`;
