// Jest Snapshot v1, https://goo.gl/fbAQLP

exports[`LDAP Provider LDAP Provider Snapshot 1`] = `
<div>
  <div
    class="StyledProps--font StyledProps--main StyledProps--margin-xlarge StyledProps--background-white"
  >
    <div
      class="Collapse--main collapseClassName"
    >
      <div
        class="StyledProps--font StyledProps--main CollapseHeader--main Collapse--header collapseHeaderClassName height60"
      >
        <div
          class="StyledProps--font StyledProps--main CollapseHeader--leftSection"
        >
          <span
            class="bp3-icon StyledProps--main StyledProps--color StyledProps--color-grey400"
            data-icon="main-chevron-up"
          >
            <svg
              height="10"
              viewBox="0 0 14 8"
              width="10"
              xmlns="http://www.w3.org/2000/svg"
            >
              <path
                d="M13.7 6.3l-6-6C7.5.1 7.3 0 7 0s-.5.1-.7.3l-6 6c-.2.2-.3.4-.3.7 0 .6.4 1 1 1 .3 0 .5-.1.7-.3L7 2.4l5.3 5.3c.2.2.4.3.7.3.6 0 1-.4 1-1 0-.3-.1-.5-.3-.7z"
                fill="#4d5969"
              />
            </svg>
          </span>
          <div
            class="StyledProps--font StyledProps--main StyledProps--margin-left-xlarge"
          >
            <label
              class="bp3-control bp3-radio StyledProps--font Radio--radio StyledProps--main StyledProps--font-weight-bold StyledProps--font-size-normal StyledProps--color StyledProps--color-grey900"
            >
              <input
                checked=""
                type="radio"
              />
              <span
                class="bp3-control-indicator"
              />
              authSettings.loginViaLDAP
            </label>
          </div>
        </div>
        <div
          class="StyledProps--font StyledProps--main"
        />
      </div>
      <div
        class="Collapse--collapse"
      >
        <div
          class="bp3-collapse"
          style="height: auto; overflow-y: visible; transition: none;"
        >
          <div
            aria-hidden="false"
            class="bp3-collapse-body"
            style="transform: translateY(0); transition: none;"
          >
            <div
              class="StyledProps--font StyledProps--main StyledProps--padding-bottom-large"
            >
              <div
                class="bp3-card bp3-elevation-0 Card--card card"
              >
                <div
                  class="StyledProps--font StyledProps--main StyledProps--margin-left-xlarge"
                >
                  <label
                    class="bp3-control bp3-radio StyledProps--font Radio--radio StyledProps--main StyledProps--font-weight-bold StyledProps--font-size-normal"
                  >
                    <input
                      checked=""
                      readonly=""
                      type="radio"
                    />
                    <span
                      class="bp3-control-indicator"
                    />
                  </label>
                </div>
                <p
                  class="StyledProps--font StyledProps--main flexGrowFull StyledProps--font-variation-card-title"
                >
                  ldap11223355
                </p>
                <button
                  class="bp3-button Button--button StyledProps--font StyledProps--main Button--with-current-color Button--variation Button--variation-secondary"
                  data-testid="ldap-config-test"
                  type="button"
                >
                  <span
                    class="bp3-button-text"
                  >
                    test
                  </span>
                </button>
                <span
                  class="bp3-popover-wrapper"
                >
                  <span
                    class="bp3-popover-target"
                  >
                    <button
                      class="bp3-button bp3-minimal Button--button StyledProps--font StyledProps--main Button--with-current-color Button--iconOnly Button--without-shadow Button--withLeftIcon Button--variation Button--variation-icon"
                      data-testid="provider-button"
                      type="button"
                    >
                      <span
                        class="bp3-icon StyledProps--main"
                        data-icon="Options"
                      >
                        <svg
                          fill="currentColor"
                          height="16"
                          viewBox="0 0 4 16"
                          width="16"
                          xmlns="http://www.w3.org/2000/svg"
                        >
                          <circle
                            cx="2"
                            cy="2"
                            r="1.5"
                          />
                          <circle
                            cx="2"
                            cy="8"
                            r="1.5"
                          />
                          <circle
                            cx="2"
                            cy="14"
                            r="1.5"
                          />
                        </svg>
                      </span>
                    </button>
                  </span>
                </span>
              </div>
            </div>
          </div>
        </div>
      </div>
    </div>
  </div>
</div>
`;

exports[`LDAP Provider LDAP Provider Snapshot with no data 1`] = `
<div>
  <div
    class="StyledProps--font StyledProps--main StyledProps--margin-xlarge StyledProps--background-white"
  >
    <div
      class="bp3-card bp3-elevation-0 Card--card cardWithRadioBtn"
    >
      <div
        class="StyledProps--font StyledProps--main StyledProps--margin-left-xlarge StyledProps--margin-top-xsmall"
      >
        <label
          class="bp3-control bp3-radio StyledProps--font Radio--radio StyledProps--main StyledProps--font-weight-semi-bold StyledProps--font-size-normal StyledProps--color StyledProps--color-primary7"
        >
          <input
            type="radio"
          />
          <span
            class="bp3-control-indicator"
          />
          authSettings.ldap.addLdap
        </label>
      </div>
    </div>
  </div>
</div>
`;
