// Jest Snapshot v1, https://goo.gl/fbAQLP

exports[`Test PipelineNotifications should test render 1`] = `
<div>
  <div
    class="Layout--horizontal StyledProps--main StyledProps--padding-bottom-medium StyledProps--padding-top-medium StyledProps--padding-left-xlarge StyledProps--padding-right-xlarge StyledProps--flex StyledProps--flex-distribution-space-between StyledProps--border StyledProps--border-bottom StyledProps--border-color-grey300"
  >
    <p
      class="StyledProps--font StyledProps--main StyledProps--color StyledProps--color-black StyledProps--font-weight-bold StyledProps--font-size-medium"
    >
       : rbac.notifications.name
    </p>
    <div
      class="Layout--horizontal Layout--layout-spacing-medium StyledProps--main StyledProps--flex StyledProps--flex-alignItems-center"
    >
      <button
        aria-label="applyChanges"
        class="bp3-button bp3-disabled Button--button StyledProps--font StyledProps--main Button--with-current-color Button--variation Button--variation-secondary Button--size Button--small"
        disabled=""
        tabindex="-1"
        type="button"
      >
        <span
          class="bp3-button-text"
        >
          applyChanges
        </span>
      </button>
      <button
        aria-label="common.discard"
        class="bp3-button bp3-disabled bp3-minimal Button--button StyledProps--font StyledProps--main Button--with-current-color Button--without-shadow Button--size Button--small"
        disabled=""
        tabindex="-1"
        type="button"
      >
        <span
          class="bp3-button-text"
        >
          common.discard
        </span>
      </button>
    </div>
  </div>
  <div
    class="pipelineNotifications"
  >
    <section
      class="noNotificationsSection"
    >
      <img
        alt="pipeline.noNotifications.title"
        class="image"
        src="test-file-stub"
      />
      <p
        class="StyledProps--font StyledProps--main title StyledProps--font-variation-h4"
      >
        pipeline.noNotifications.title
      </p>
      <p
        class="StyledProps--font StyledProps--main subtitle StyledProps--font-variation-body1"
      >
        pipeline.noNotifications.subtitle
      </p>
      <button
        aria-label="rbac.notifications.name"
        class="bp3-button Button--button StyledProps--font StyledProps--main Button--with-current-color Button--withLeftIcon Button--variation Button--variation-primary"
        id="newNotificationBtn"
        type="button"
      >
        <span
          class="bp3-icon bp3-icon-plus StyledProps--main StyledProps--padding-right-xsmall"
          icon="plus"
        >
          <svg
            data-icon="plus"
            height="16"
            viewBox="0 0 16 16"
            width="16"
          >
            <desc>
              plus
            </desc>
            <path
              d="M13 7H9V3c0-.55-.45-1-1-1s-1 .45-1 1v4H3c-.55 0-1 .45-1 1s.45 1 1 1h4v4c0 .55.45 1 1 1s1-.45 1-1V9h4c.55 0 1-.45 1-1s-.45-1-1-1z"
              fill-rule="evenodd"
            />
          </svg>
        </span>
        <span
          class="bp3-button-text"
        >
          rbac.notifications.name
        </span>
      </button>
    </section>
  </div>
</div>
`;
